// Jest Snapshot v1, https://goo.gl/fbAQLP

exports[`ForecastDetails renders correctly 1`] = `
<DocumentFragment>
  <div
    class="forecast-details"
  >
    <div
      class="forecast-details__date"
    >
       Mon Apr 30 2018
    </div>
    <div
      class="forecast-details__temperature-max"
    >
      Highs of 22°C,
    </div>
    <div
      class="forecast-details__temperature-min"
      data-testid="forecast-min-temperature"
    >
      Lows of 12°C,
    </div>
    <div
      class="forecast-details__humidity"
    >
      Humidity: 20%,
    </div>
    <div
      class="forecast-details__wind-speed"
    >
      Wind Speed: 10mph,
    </div>
    <div
      class="forecast-details__wind-direction"
    >
      Wind Direction: NE
    </div>
  </div>
</DocumentFragment>
`;
