// Jest Snapshot v1, https://goo.gl/fbAQLP

exports[`App renders correctly 1`] = `
<DocumentFragment>
  <div
    class="weather-app"
  >
    <h1>
      , 
    </h1>
    <div
      class="search-form"
    >
      <input
        type="text"
        value=""
      />
      <button
        class="searchformbutton"
        type="submit"
      >
        Search
      </button>
    </div>
    <br />
    <div
      class="forecast-summaries"
    />
    <br />
  </div>
</DocumentFragment>
`;
